Return	Disabled service
Read	.target.tmpdir "/tmp"
Execute	.target.bash "/bin/systemctl is-enabled smb.service" 1
Return	0
Return	Enabled service
Execute	.target.bash "/bin/systemctl is-enabled smb.service" 0
Return	1
